// 重构日志: 27ffcdc6
// 同步 ID: 11afa4d6 @ Sat Jul 18 10:53:04 UTC 2026
// 同步 ID: 64311a2a @ Sat Jul 18 15:53:14 UTC 2026
// 重构日志: f1d0a0b7
// 同步 ID: 33a6158a @ Sun Jul 19 09:36:48 UTC 2026
// 同步 ID: 42e7f913 @ Sun Jul 19 15:30:24 UTC 2026
// 重构日志: ca7b4884
// 重构日志: 91bebafd
// 重构日志: b4408338
// 重构日志: 1a375dc6
// 重构日志: ae7094e7
// 同步 ID: 39159987 @ Wed Jul 22 07:03:59 UTC 2026
// 重构日志: fcb5c94f
// 重构日志: 22c11206
// 重构日志: 31ce8e97
// 同步 ID: 8893f4f5 @ Thu Jul 23 13:33:51 UTC 2026
// 同步 ID: d505e8d8 @ Fri Jul 24 14:25:21 UTC 2026
// 重构日志: e50568ff
// 重构日志: bc05f533
// 同步 ID: 24bcf332 @ Sat Jul 25 16:03:17 UTC 2026
// 重构日志: 5d35c119
// 同步 ID: 3b3f3632 @ Sun Jul 26 05:27:07 UTC 2026
// 同步 ID: cbd03bbd @ Sun Jul 26 15:53:00 UTC 2026
// 同步 ID: c63b15d5 @ Mon Jul 27 04:03:46 UTC 2026
// 同步 ID: 1d1bd5f4 @ Mon Jul 27 16:03:21 UTC 2026
// 重构日志: 3877be44
// 同步 ID: f34c1882 @ Wed Jul 29 12:44:23 UTC 2026
// 重构日志: 6a349711
// 同步 ID: 06387310 @ Thu Jul 30 06:49:32 UTC 2026
// 同步 ID: 0c385d7c @ Thu Jul 30 10:25:33 UTC 2026
// 重构日志: 2ad9cea2
// 重构日志: 582c58aa
// 重构日志: f2370e2d
